18:05:09 **** Incremental Build of configuration Debug for project Test1 ****
make all 
Building file: ../Src/main.c
Invoking: MCU GCC Compiler
/home/alex/Desktop/Mastering_Microcontroller_Course_MCU2/Workspace/Test1/Debug
arm-none-eabi-gcc -mcpu=cortex-m4 -mthumb -mfloat-abi=hard -mfpu=fpv4-sp-d16 '-D__weak=__attribute__((weak))' '-D__packed="__attribute__((__packed__))"' -DUSE_HAL_DRIVER -DSTM32F334x8 -I"/home/alex/Desktop/Mastering_Microcontroller_Course_MCU2/Workspace/Test1/Inc" -I"/home/alex/Desktop/Mastering_Microcontroller_Course_MCU2/Workspace/Test1/Drivers/STM32F3xx_HAL_Driver/Inc" -I"/home/alex/Desktop/Mastering_Microcontroller_Course_MCU2/Workspace/Test1/Drivers/STM32F3xx_HAL_Driver/Inc/Legacy" -I"/home/alex/Desktop/Mastering_Microcontroller_Course_MCU2/Workspace/Test1/Drivers/CMSIS/Device/ST/STM32F3xx/Include" -I"/home/alex/Desktop/Mastering_Microcontroller_Course_MCU2/Workspace/Test1/Drivers/CMSIS/Include"  -Og -g3 -Wall -fmessage-length=0 -ffunction-sections -c -fmessage-length=0 -MMD -MP -MF"Src/main.d" -MT"Src/main.o" -o "Src/main.o" "../Src/main.c"
Finished building: ../Src/main.c
 
Building target: Test1.elf
Invoking: MCU GCC Linker
arm-none-eabi-gcc -mcpu=cortex-m4 -mthumb -mfloat-abi=hard -mfpu=fpv4-sp-d16 -specs=nosys.specs -specs=nano.specs -T"../STM32F334R8Tx_FLASH.ld" -Wl,-Map=output.map -Wl,--gc-sections -o "Test1.elf" @"objects.list"   -lm
Finished building target: Test1.elf
 
make --no-print-directory post-build
Generating hex and Printing size information:
arm-none-eabi-objcopy -O ihex "Test1.elf" "Test1.hex"
arm-none-eabi-size "Test1.elf"
   text	   data	    bss	    dec	    hex	filename
   5412	     36	   1684	   7132	   1bdc	Test1.elf
 
18:05:18 **** Programming project Test1 on chip ****
/home/alex/Ac6/SystemWorkbench/plugins/fr.ac6.mcu.externaltools.openocd.linux64_1.23.0.201904120827/tools/openocd/bin/openocd -f stm32.flash.2037317669130973462.cfg -s /home/alex/Desktop/Mastering_Microcontroller_Course_MCU2/Workspace/Test1 -s /home/alex/Ac6/SystemWorkbench/plugins/fr.ac6.mcu.debug_2.5.0.201904120827/resources/openocd/st_scripts -c "program Debug/Test1.elf verify " -c shutdown 
Open On-Chip Debugger 0.10.0+dev-00021-g524e8c8 (2019-04-12-08:33)
Licensed under GNU GPL v2
For bug reports, read
	http://openocd.org/doc/doxygen/bugs.html
srst_only separate srst_nogate srst_open_drain connect_assert_srst
Info : The selected transport took over low-level target control. The results might differ compared to plain JTAG/SWD
adapter speed: 8000 kHz
adapter_nsrst_delay: 100
Info : clock speed 8000 kHz
Info : STLINK v2.1 JTAG v37 API v2 M26 VID 0x0483 PID 0x374B
Info : using stlink api v2
Info : Target voltage: 3.255445
Info : Unable to match requested speed 8000 kHz, using 4000 kHz
Info : Stlink adapter speed set to 4000 kHz
Info : STM32F334R8Tx.cpu: hardware has 6 breakpoints, 4 watchpoints
Info : Listening on port 3333 for gdb connections
target halted due to debug-request, current mode: Thread 
xPSR: 0x01000000 pc: 0x08001428 msp: 0x20003000
Info : Unable to match requested speed 8000 kHz, using 4000 kHz
Info : Stlink adapter speed set to 4000 kHz
Info : Unable to match requested speed 8000 kHz, using 4000 kHz
adapter speed: 4000 kHz
** Programming Started **
auto erase enabled
Info : device id = 0x10016438
Info : flash size = 64kbytes
target halted due to breakpoint, current mode: Thread 
xPSR: 0x61000000 pc: 0x2000003a msp: 0x20003000
wrote 6144 bytes from file Debug/Test1.elf in 0.346159s (17.333 KiB/s)
** Programming Finished **
** Verify Started **
target halted due to breakpoint, current mode: Thread 
xPSR: 0x61000000 pc: 0x2000002e msp: 0x20003000
verified 5448 bytes in 0.112361s (47.350 KiB/s)
** Verified OK **
shutdown command invoked
